I'm sorry, but errors were detected in your script. Please correct the
errors listed below, and try again.


File "game/script.rpy", line 79: Line is followed by a block, despite not being a menu choice. Did you forget a colon at the end of the line?
    "Will you go penguin-sledding with me?"
                                           ^

Ren'Py Version: Ren'Py 7.3.5.606
Sat Oct 31 17:08:54 2020
